// Jest Snapshot v1, https://goo.gl/fbAQLP

exports[`<ExampleComponent /> should render the ExampleComponent heading 1`] = `
<div
  class="wrapper"
>
  <h1>
    ExampleComponent
  </h1>
</div>
`;
